// Jest Snapshot v1, https://goo.gl/fbAQLP

exports[`modules/datasource/python-version/index getReleases processes real data 1`] = `null`;
